Microchip Technology Inc, v1.26 (A)

Tool Name:
  c:\program files (x86)\microchip\xc16\v1.26\bin\bin\..\bin/elf-ld.exe

Command:
  -p33FJ256GP710A \
  -o \
  dist/default/production/8004v1_10.production.elf \
  -Lc:/program files (x86)/microchip/xc16/v1.26/bin/bin/.. \
  -Lc:/program files (x86)/microchip/xc16/v1.26/bin/bin/../../lib \
  -Lc:/program files (x86)/microchip/xc16/v1.26/bin/bin/../../lib/PIC24E \
  -Lc:/program files (x86)/microchip/xc16/v1.26/bin/bin/../../support/PIC24E/gld \
  -Lc:/program files (x86)/microchip/xc16/v1.26/bin/bin/../../lib/PIC24F \
  -Lc:/program files (x86)/microchip/xc16/v1.26/bin/bin/../../support/PIC24F/gld \
  -Lc:/program files (x86)/microchip/xc16/v1.26/bin/bin/../../lib/PIC24H \
  -Lc:/program files (x86)/microchip/xc16/v1.26/bin/bin/../../support/PIC24H/gld \
  -Lc:/program files (x86)/microchip/xc16/v1.26/bin/bin/../../lib/dsPIC30F \
  -Lc:/program files (x86)/microchip/xc16/v1.26/bin/bin/../../support/dsPIC30F/gld \
  -Lc:/program files (x86)/microchip/xc16/v1.26/bin/bin/../../lib/dsPIC33E \
  -Lc:/program files (x86)/microchip/xc16/v1.26/bin/bin/../../support/dsPIC33E/gld \
  -Lc:/program files (x86)/microchip/xc16/v1.26/bin/bin/../../lib/dsPIC33F \
  -Lc:/program files (x86)/microchip/xc16/v1.26/bin/bin/../../support/dsPIC33F/gld \
  build/default/production/_ext/1472/LC8004delay_b.o \
  build/default/production/_ext/1472/LC8004extFRAM_i.o \
  build/default/production/_ext/1472/AD5241b.o \
  build/default/production/_ext/1472/lc8004main_1_10.o \
  --defsym=__MPLAB_BUILD=1 \
  -Tp33FJ256GP710A.gld.00 \
  --stack=16 \
  --check-sections \
  --data-init \
  --pack-data \
  --handles \
  --isr \
  --no-gc-sections \
  --fill-upper=0 \
  --stackguard=16 \
  --no-force-link \
  --smart-io \
  -Map=dist/default/production/8004v1_10.production.map \
  --report-mem \
  --memorysummary \
  dist/default/production/memoryfile.xml \
  -start-group \
  --library=lega-pic30-elf \
  --library=m-elf \
  --library=lega-c-elf \
  -end-group \

Archive member included because of file (symbol)

c:/program files (x86)/microchip/xc16/v1.26/bin/bin/../../lib/dsPIC33F\libp33FJ256GP710A-elf.a(CloseI2C1.o)
                              build/default/production/_ext/1472/LC8004extFRAM_i.o (_CloseI2C1)
c:/program files (x86)/microchip/xc16/v1.26/bin/bin/../../lib/dsPIC33F\libp33FJ256GP710A-elf.a(CloseI2C2.o)
                              build/default/production/_ext/1472/AD5241b.o (_CloseI2C2)
c:/program files (x86)/microchip/xc16/v1.26/bin/bin/../../lib/dsPIC33F\libp33FJ256GP710A-elf.a(IdleI2C1.o)
                              build/default/production/_ext/1472/LC8004extFRAM_i.o (_IdleI2C1)
c:/program files (x86)/microchip/xc16/v1.26/bin/bin/../../lib/dsPIC33F\libp33FJ256GP710A-elf.a(IdleI2C2.o)
                              build/default/production/_ext/1472/AD5241b.o (_IdleI2C2)
c:/program files (x86)/microchip/xc16/v1.26/bin/bin/../../lib/dsPIC33F\libp33FJ256GP710A-elf.a(MasterReadI2C1.o)
                              build/default/production/_ext/1472/LC8004extFRAM_i.o (_MasterReadI2C1)
c:/program files (x86)/microchip/xc16/v1.26/bin/bin/../../lib/dsPIC33F\libp33FJ256GP710A-elf.a(MasterReadI2C2.o)
                              build/default/production/_ext/1472/AD5241b.o (_MasterReadI2C2)
c:/program files (x86)/microchip/xc16/v1.26/bin/bin/../../lib/dsPIC33F\libp33FJ256GP710A-elf.a(MasterWriteI2C1.o)
                              build/default/production/_ext/1472/LC8004extFRAM_i.o (_MasterWriteI2C1)
c:/program files (x86)/microchip/xc16/v1.26/bin/bin/../../lib/dsPIC33F\libp33FJ256GP710A-elf.a(MasterWriteI2C2.o)
                              build/default/production/_ext/1472/AD5241b.o (_MasterWriteI2C2)
c:/program files (x86)/microchip/xc16/v1.26/bin/bin/../../lib/dsPIC33F\libp33FJ256GP710A-elf.a(NotAckI2C1.o)
                              build/default/production/_ext/1472/LC8004extFRAM_i.o (_NotAckI2C1)
c:/program files (x86)/microchip/xc16/v1.26/bin/bin/../../lib/dsPIC33F\libp33FJ256GP710A-elf.a(OpenI2C1.o)
                              build/default/production/_ext/1472/LC8004extFRAM_i.o (_OpenI2C1)
c:/program files (x86)/microchip/xc16/v1.26/bin/bin/../../lib/dsPIC33F\libp33FJ256GP710A-elf.a(OpenI2C2.o)
                              build/default/production/_ext/1472/AD5241b.o (_OpenI2C2)
c:/program files (x86)/microchip/xc16/v1.26/bin/bin/../../lib/dsPIC33F\libp33FJ256GP710A-elf.a(RestartI2C1.o)
                              build/default/production/_ext/1472/LC8004extFRAM_i.o (_RestartI2C1)
c:/program files (x86)/microchip/xc16/v1.26/bin/bin/../../lib/dsPIC33F\libp33FJ256GP710A-elf.a(StartI2C1.o)
                              build/default/production/_ext/1472/LC8004extFRAM_i.o (_StartI2C1)
c:/program files (x86)/microchip/xc16/v1.26/bin/bin/../../lib/dsPIC33F\libp33FJ256GP710A-elf.a(StartI2C2.o)
                              build/default/production/_ext/1472/AD5241b.o (_StartI2C2)
[...]
Memory Configuration

Name             Origin             Length             Attributes
data             0x000800           0x007800           a !xr
reset            0x000000           0x000004  
ivt              0x000004           0x0000fc  
_reserved        0x000100           0x000004  
aivt             0x000104           0x0000fc  
program          0x000200           0x02aa00           xr
FBS              0xf80000           0x000002  
FSS              0xf80002           0x000002  
FGS              0xf80004           0x000002  
FOSCSEL          0xf80006           0x000002  
FOSC             0xf80008           0x000002  
FWDT             0xf8000a           0x000002  
FPOR             0xf8000c           0x000002  
FICD             0xf8000e           0x000002  
FUID0            0xf80010           0x000002  
FUID1            0xf80012           0x000002  
FUID2            0xf80014           0x000002  
FUID3            0xf80016           0x000002  
*default*        0x000000           0xffffffff  

Linker script and memory map

LOAD build/default/production/_ext/1472/LC8004delay_b.o
LOAD build/default/production/_ext/1472/LC8004extFRAM_i.o
LOAD build/default/production/_ext/1472/AD5241b.o
LOAD build/default/production/_ext/1472/lc8004main_1_10.o
                    0x0001                  __MPLAB_BUILD = 0x1
LOAD c:/program files (x86)/microchip/xc16/v1.26/bin/bin/../../lib/dsPIC33F\libp33FJ256GP710A-elf.a
LOAD c:/program files (x86)/microchip/xc16/v1.26/bin/bin/../../lib\libfx-elf.a
                    0xf80000                  __FBS = 0xf80000
                    0xf80002                  __FSS = 0xf80002
                    0xf80004                  __FGS = 0xf80004
                    0xf80006                  __FOSCSEL = 0xf80006
                    0xf80008                  __FOSC = 0xf80008
                    0xf8000a                  __FWDT = 0xf8000a
                    0xf8000c                  __FPOR = 0xf8000c
                    0xf8000e                  __FICD = 0xf8000e
                    0xf80010                  __FUID0 = 0xf80010
                    0xf80012                  __FUID1 = 0xf80012
                    0xf80014                  __FUID2 = 0xf80014
                    0xf80016                  __FUID3 = 0xf80016
                    0x0200                  __CODE_BASE = 0x200
                    0x2aa00                  __CODE_LENGTH = 0x2aa00
                    0x0004                  __IVT_BASE = 0x4
                    0x0104                  __AIVT_BASE = 0x104
                    0x0800                  __DATA_BASE = 0x800
                    0x7800                  __DATA_LENGTH = 0x7800
                    0x4800                  __YDATA_BASE = 0x4800
                    0x7800                  __DMA_BASE = 0x7800
                    0x7fff                  __DMA_END = 0x7fff

.reset            0x000000          0x4
                  0x000000          0x2 SHORT 0x200 ABSOLUTE (__reset)
                  0x000001          0x2 SHORT 0x4
                  0x000002          0x2 SHORT 0x0 ((ABSOLUTE (__reset) >> 0x10) & 0x7f)
                  0x000003          0x2 SHORT 0x0

.text             0x000200       0x1c5a
 *(.init)
 .init            0x000200         0x3c c:/program files (x86)/microchip/xc16/v1.26/bin/bin/../../lib\liblega-pic30-elf.a(crt0_standard.o)
                  0x000200                  __resetPRI
                  0x000200                  __reset
                  0x00022c                  __psv_init
 .init            0x00023c         0x6c c:/program files (x86)/microchip/xc16/v1.26/bin/bin/../../lib\liblega-pic30-elf.a(data_init_standard.o)
                  0x00023c                  __data_init_standard
                  0x00023c                  __data_init
 *(.user_init)
 *(.handle)
 .handle          0x0002a8          0x4 jump_table
 *(.isr*)
 .isr             0x0002ac          0x4 default_isr
                  0x0002ac                  __DefaultInterrupt
 *(.libc)
 *(.libm)
 *(.libdsp)
 *(.lib*)
 .libperi         0x0002b0          0xc c:/program files (x86)/microchip/xc16/v1.26/bin/bin/../../lib/dsPIC33F\libp33FJ256GP710A-elf.a(CloseI2C1.o)
                  0x0002b0                  _CloseI2C1
 .libperi         0x0002bc          0xc c:/program files (x86)/microchip/xc16/v1.26/bin/bin/../../lib/dsPIC33F\libp33FJ256GP710A-elf.a(CloseI2C2.o)
                  0x0002bc                  _CloseI2C2
 .libperi         0x0002c8         0x1a c:/program files (x86)/microchip/xc16/v1.26/bin/bin/../../lib/dsPIC33F\libp33FJ256GP710A-elf.a(IdleI2C1.o)
                  0x0002c8                  _IdleI2C1
 .libperi         0x0002e2         0x1a c:/program files (x86)/microchip/xc16/v1.26/bin/bin/../../lib/dsPIC33F\libp33FJ256GP710A-elf.a(IdleI2C2.o)
                  0x0002e2                  _IdleI2C2
 .libperi         0x0002fc          0xc c:/program files (x86)/microchip/xc16/v1.26/bin/bin/../../lib/dsPIC33F\libp33FJ256GP710A-elf.a(MasterReadI2C1.o)
                  0x0002fc                  _MasterReadI2C1
 .libperi         0x000308          0xc c:/program files (x86)/microchip/xc16/v1.26/bin/bin/../../lib/dsPIC33F\libp33FJ256GP710A-elf.a(MasterReadI2C2.o)
                  0x000308                  _MasterReadI2C2
 .libperi         0x000314         0x1c c:/program files (x86)/microchip/xc16/v1.26/bin/bin/../../lib/dsPIC33F\libp33FJ256GP710A-elf.a(MasterWriteI2C1.o)
                  0x000314                  _MasterWriteI2C1
 .libperi         0x000330         0x1c c:/program files (x86)/microchip/xc16/v1.26/bin/bin/../../lib/dsPIC33F\libp33FJ256GP710A-elf.a(MasterWriteI2C2.o)
                  0x000330                  _MasterWriteI2C2
 .libperi         0x00034c          0x6 c:/program files (x86)/microchip/xc16/v1.26/bin/bin/../../lib/dsPIC33F\libp33FJ256GP710A-elf.a(NotAckI2C1.o)
                  0x00034c                  _NotAckI2C1
 .libperi         0x000352          0x6 c:/program files (x86)/microchip/xc16/v1.26/bin/bin/../../lib/dsPIC33F\libp33FJ256GP710A-elf.a(OpenI2C1.o)
                  0x000352                  _OpenI2C1
 .libperi         0x000358          0x6 c:/program files (x86)/microchip/xc16/v1.26/bin/bin/../../lib/dsPIC33F\libp33FJ256GP710A-elf.a(OpenI2C2.o)
                  0x000358                  _OpenI2C2
 .libperi         0x00035e          0x4 c:/program files (x86)/microchip/xc16/v1.26/bin/bin/../../lib/dsPIC33F\libp33FJ256GP710A-elf.a(RestartI2C1.o)
                  0x00035e                  _RestartI2C1
 .libperi         0x000362          0x4 c:/program files (x86)/microchip/xc16/v1.26/bin/bin/../../lib/dsPIC33F\libp33FJ256GP710A-elf.a(StartI2C1.o)
                  0x000362                  _StartI2C1
 .libperi         0x000366          0x4 c:/program files (x86)/microchip/xc16/v1.26/bin/bin/../../lib/dsPIC33F\libp33FJ256GP710A-elf.a(StartI2C2.o)
                  0x000366                  _StartI2C2
 .libperi         0x00036a          0x4 c:/program files (x86)/microchip/xc16/v1.26/bin/bin/../../lib/dsPIC33F\libp33FJ256GP710A-elf.a(StopI2C1.o)
                  0x00036a                  _StopI2C1
 .libperi         0x00036e          0x4 c:/program files (x86)/microchip/xc16/v1.26/bin/bin/../../lib/dsPIC33F\libp33FJ256GP710A-elf.a(StopI2C2.o)
                  0x00036e                  _StopI2C2
 .libperi         0x000372          0xa c:/program files (x86)/microchip/xc16/v1.26/bin/bin/../../lib/dsPIC33F\libp33FJ256GP710A-elf.a(CloseOC1.o)
                  0x000372                  _CloseOC1
 .libperi         0x00037c          0xa c:/program files (x86)/microchip/xc16/v1.26/bin/bin/../../lib/dsPIC33F\libp33FJ256GP710A-elf.a(isWDTTO.o)
                  0x00037c                  _isWDTTO
 .libperi         0x000386          0xc c:/program files (x86)/microchip/xc16/v1.26/bin/bin/../../lib/dsPIC33F\libp33FJ256GP710A-elf.a(CloseTimer23.o)
                  0x000386                  _CloseTimer23
 .libperi         0x000392          0x8 c:/program files (x86)/microchip/xc16/v1.26/bin/bin/../../lib/dsPIC33F\libp33FJ256GP710A-elf.a(CloseTimer3.o)
                  0x000392                  _CloseTimer3
 .libperi         0x00039a         0x22 c:/program files (x86)/microchip/xc16/v1.26/bin/bin/../../lib/dsPIC33F\libp33FJ256GP710A-elf.a(ConfigIntTimer89.o)
                  0x00039a                  _ConfigIntTimer89
 .libperi         0x0003bc          0x8 c:/program files (x86)/microchip/xc16/v1.26/bin/bin/../../lib/dsPIC33F\libp33FJ256GP710A-elf.a(OpenTimer3.o)
                  0x0003bc                  _OpenTimer3
 .libperi         0x0003c4          0xe c:/program files (x86)/microchip/xc16/v1.26/bin/bin/../../lib/dsPIC33F\libp33FJ256GP710A-elf.a(OpenTimer89.o)
                  0x0003c4                  _OpenTimer89
 .libperi         0x0003d2          0x4 c:/program files (x86)/microchip/xc16/v1.26/bin/bin/../../lib/dsPIC33F\libp33FJ256GP710A-elf.a(WriteTimer3.o)
                  0x0003d2                  _WriteTimer3
 .libperi         0x0003d6          0x6 c:/program files (x86)/microchip/xc16/v1.26/bin/bin/../../lib/dsPIC33F\libp33FJ256GP710A-elf.a(WriteTimer89.o)
                  0x0003d6                  _WriteTimer89
 .libperi         0x0003dc          0xa c:/program files (x86)/microchip/xc16/v1.26/bin/bin/../../lib/dsPIC33F\libp33FJ256GP710A-elf.a(BusyUART1.o)
                  0x0003dc                  _BusyUART1
 .libperi         0x0003e6         0x48 c:/program files (x86)/microchip/xc16/v1.26/bin/bin/../../lib/dsPIC33F\libp33FJ256GP710A-elf.a(ConfigIntUART1.o)
                  0x0003e6                  _ConfigIntUART1
 .libperi         0x00042e          0x6 c:/program files (x86)/microchip/xc16/v1.26/bin/bin/../../lib/dsPIC33F\libp33FJ256GP710A-elf.a(DataRdyUART1.o)
                  0x00042e                  _DataRdyUART1
 .libperi         0x000434          0x8 c:/program files (x86)/microchip/xc16/v1.26/bin/bin/../../lib/dsPIC33F\libp33FJ256GP710A-elf.a(OpenUART1.o)
                  0x000434                  _OpenUART1
 .libperi         0x00043c         0x28 c:/program files (x86)/microchip/xc16/v1.26/bin/bin/../../lib/dsPIC33F\libp33FJ256GP710A-elf.a(putsUART1.o)
                  0x00043c                  _putsUART1
 .libperi         0x000464         0x12 c:/program files (x86)/microchip/xc16/v1.26/bin/bin/../../lib/dsPIC33F\libp33FJ256GP710A-elf.a(ReadUART1.o)
                  0x000464                  _ReadUART1
 .libperi         0x000476          0xe c:/program files (x86)/microchip/xc16/v1.26/bin/bin/../../lib/dsPIC33F\libp33FJ256GP710A-elf.a(WriteUART1.o)
                  0x000476                  _WriteUART1
 .libperi         0x000484         0x34 c:/program files (x86)/microchip/xc16/v1.26/bin/bin/../../lib/dsPIC33F\libp33FJ256GP710A-elf.a(ConfigINT1.o)
                  0x000484                  _ConfigINT1
 .libm.subsf3     0x0004b8         0xbc c:/program files (x86)/microchip/xc16/v1.26/bin/bin/../../lib\libm-elf.a(addsf3.eo)
                  0x0004b8                  ___subsf3
                  0x0004ba                  ___addsf3
 .libm.divfs3     0x000574         0x84 c:/program files (x86)/microchip/xc16/v1.26/bin/bin/../../lib\libm-elf.a(divsf3.eo)
                  0x000574                  ___divsf3
 .libm.eqsf2      0x0005f8          0x4 c:/program files (x86)/microchip/xc16/v1.26/bin/bin/../../lib\libm-elf.a(feqltle.eo)
                  0x0005f8                  ___eqsf2
                  0x0005f8                  ___ltsf2
                  0x0005f8                  ___lesf2
 .libm.gtsf2      0x0005fc          0x4 c:/program files (x86)/microchip/xc16/v1.26/bin/bin/../../lib\libm-elf.a(fgtge.eo)
                  0x0005fc                  ___gesf2
                  0x0005fc                  ___gtsf2
 .libm.fixsfsi    0x000600         0x42 c:/program files (x86)/microchip/xc16/v1.26/bin/bin/../../lib\libm-elf.a(fixsfsi.eo)
                  0x000600                  _(float, int, long long, short, float, short, int)
 .libm.fixunssfsi
                  0x000642         0x36 c:/program files (x86)/microchip/xc16/v1.26/bin/bin/../../lib\libm-elf.a(fixunssfsi.eo)
                  0x000642                  ___fixunssfsi
 .libm.floatsisf
                  0x000678          0x6 c:/program files (x86)/microchip/xc16/v1.26/bin/bin/../../lib\libm-elf.a(floatsisf.eo)
                  0x000678                  ___floatsisf
 .libm.floatunsisf
                  0x00067e          0x4 c:/program files (x86)/microchip/xc16/v1.26/bin/bin/../../lib\libm-elf.a(floatunsisf.eo)
                  0x00067e                  ___floatunsisf
 .libm.nesf2      0x000682          0x4 c:/program files (x86)/microchip/xc16/v1.26/bin/bin/../../lib\libm-elf.a(fne.eo)
                  0x000682                  ___nesf2
 .libm.fpack      0x000686         0x4c c:/program files (x86)/microchip/xc16/v1.26/bin/bin/../../lib\libm-elf.a(fpack.eo)
                  0x000686                  __fpack
 .libm.funpack    0x0006d2         0x2a c:/program files (x86)/microchip/xc16/v1.26/bin/bin/../../lib\libm-elf.a(funpack.eo)
                  0x0006d2                  __funpack
 .libm.funpack2
                  0x0006fc         0x10 c:/program files (x86)/microchip/xc16/v1.26/bin/bin/../../lib\libm-elf.a(funpack2.eo)
                  0x0006fc                  __funpack2
 .libm.fPropagateNaN
                  0x00070c         0x12 c:/program files (x86)/microchip/xc16/v1.26/bin/bin/../../lib\libm-elf.a(futil.eo)
                  0x00070c                  __fPropagateNaN
 .libm.fbobExit
                  0x00071e          0x8 c:/program files (x86)/microchip/xc16/v1.26/bin/bin/../../lib\libm-elf.a(futil.eo)
                  0x00071e                  __fbopExit
 .libm.fbopReturnNaN
                  0x000726          0x6 c:/program files (x86)/microchip/xc16/v1.26/bin/bin/../../lib\libm-elf.a(futil.eo)
                  0x000726                  __fbopReturnNaN
 .libm.logf       0x00072c         0xae c:/program files (x86)/microchip/xc16/v1.26/bin/bin/../../lib\libm-elf.a(logf.eo)
                  0x00072c                  _logf
 .libm.mulsf3     0x0007da         0x68 c:/program files (x86)/microchip/xc16/v1.26/bin/bin/../../lib\libm-elf.a(mulsf3.eo)
                  0x0007da                  ___mulsf3
 .libm.umodsi3    0x000842          0x6 c:/program files (x86)/microchip/xc16/v1.26/bin/bin/../../lib\libm-elf.a(umodsi3.eo)
                  0x000842                  ___umodsi3
 .libm.frexpf     0x000848         0x1a c:/program files (x86)/microchip/xc16/v1.26/bin/bin/../../lib\libm-elf.a(_frexpf.eo)
                  0x000848                  __frexpf
 .libm.fcompare
                  0x000862         0x36 c:/program files (x86)/microchip/xc16/v1.26/bin/bin/../../lib\libm-elf.a(fcompare.eo)
                  0x000862                  __fcompare
 .libm.floatdisf
                  0x000898         0x20 c:/program files (x86)/microchip/xc16/v1.26/bin/bin/../../lib\libm-elf.a(floatdisf.eo)
                  0x000898                  ___floatdisf
 .libm.floatundisf
                  0x0008b8         0x5e c:/program files (x86)/microchip/xc16/v1.26/bin/bin/../../lib\libm-elf.a(floatundisf.eo)
                  0x0008b8                  ___floatundisf
 .libm.udivsi3    0x000916         0x20 c:/program files (x86)/microchip/xc16/v1.26/bin/bin/../../lib\libm-elf.a(udivsi3.eo)
                  0x000916                  ___udivsi3
 .libc.isalpha    0x000936         0x14 c:/program files (x86)/microchip/xc16/v1.26/bin/bin/../../lib\liblega-c-elf.a(isalpha.XXeso)
                  0x000936                  _isalpha
 .libc.isgraph    0x00094a          0xc c:/program files (x86)/microchip/xc16/v1.26/bin/bin/../../lib\liblega-c-elf.a(isgraph.XXeso)
                  0x00094a                  _isgraph
 .libc.prout      0x000956          0xe c:/program files (x86)/microchip/xc16/v1.26/bin/bin/../../lib\liblega-c-elf.a(sprintf_cdfFnopuxX.XXeo)
                  0x000956                  sprintf_cdfFnopuxX.XXeo:_prout
 .libc._sprintf_cdfFnopuxX
                  0x000964         0x1e c:/program files (x86)/microchip/xc16/v1.26/bin/bin/../../lib\liblega-c-elf.a(sprintf_cdfFnopuxX.XXeo)
                  0x000964                  __sprintf_cdnopuxX
                  0x000964                  __sprintf_cdfFnopuxX
 .libc.__Printf_cdfFnopuxX
                  0x000982        0x164 c:/program files (x86)/microchip/xc16/v1.26/bin/bin/../../lib\liblega-c-elf.a(xprintf_cdfFnopuxX.XXeo)
                  0x000982                  ___Printf_cdnopuxX
                  0x000982                  ___Printf_cdfFnopuxX
 .libc.__Putfld_cdfFnopuxX
                  0x000ae6        0x296 c:/program files (x86)/microchip/xc16/v1.26/bin/bin/../../lib\liblega-c-elf.a(xputfld_cdfFnopuxX.XXeo)
                  0x000ae6                  ___Putfld_cdfFnopuxX
                  0x000ae6                  ___Putfld_cdnopuxX
 .libc.__Ldtob_cdfFnopuxX
                  0x000d7c        0x250 c:/program files (x86)/microchip/xc16/v1.26/bin/bin/../../lib\liblega-c-elf.a(xldtob_cdfFnopuxX.XXeo)
                  0x000d7c                  ___Ldtob_cdfFnopuxX
 .libc.__Genld_cdfFnopuxX
                  0x000fcc        0x208 c:/program files (x86)/microchip/xc16/v1.26/bin/bin/../../lib\liblega-c-elf.a(xgenld_cdfFnopuxX.XXeo)
                  0x000fcc                  ___Genld_cdfFnopuxX
 .libc.div        0x0011d4         0x16 c:/program files (x86)/microchip/xc16/v1.26/bin/bin/../../lib\liblega-c-elf.a(div.XXeo)
                  0x0011d4                  _div
 .libc.ldiv       0x0011ea         0x2a c:/program files (x86)/microchip/xc16/v1.26/bin/bin/../../lib\liblega-c-elf.a(ldiv.XXeo)
                  0x0011ea                  _ldiv
 .libc.memcpy     0x001214          0xe c:/program files (x86)/microchip/xc16/v1.26/bin/bin/../../lib\liblega-c-elf.a(memcpy.XXeo)
                  0x001214                  _memcpy
 .libc.strchr     0x001222         0x18 c:/program files (x86)/microchip/xc16/v1.26/bin/bin/../../lib\liblega-c-elf.a(strchr.XXeo)
                  0x001222                  _strchr
 .libc._LDunscale
                  0x00123a         0x54 c:/program files (x86)/microchip/xc16/v1.26/bin/bin/../../lib\liblega-c-elf.a(xldunsca.XXeo)
                  0x00123a                  __LDunscale
 .libc._Litob     0x00128e        0x25e c:/program files (x86)/microchip/xc16/v1.26/bin/bin/../../lib\liblega-c-elf.a(xlitob.XXeo)
                  0x00128e                  __Litob
 .libc._Puttxt    0x0014ec        0x178 c:/program files (x86)/microchip/xc16/v1.26/bin/bin/../../lib\liblega-c-elf.a(xputtxt.XXeo)
                  0x0014ec                  __Puttxt
 .libc._Vacopy    0x001664          0x4 c:/program files (x86)/microchip/xc16/v1.26/bin/bin/../../lib\liblega-c-elf.a(xvacopy.XXeo)
                  0x001664                  __Vacopy
 .libc._Dnorm     0x001668         0x98 c:/program files (x86)/microchip/xc16/v1.26/bin/bin/../../lib\liblega-c-elf.a(xdnorm.XXelo)
                  0x001668                  __Dnorm
 .libm.eqdf2      0x001700          0xa c:/program files (x86)/microchip/xc16/v1.26/bin/bin/../../lib\libm-elf.a(deqltle.eo)
                  0x001700                  ___eqdf2
                  0x001700                  ___ltdf2
                  0x001700                  ___ledf2
 .libm.gtdf2      0x00170a          0xa c:/program files (x86)/microchip/xc16/v1.26/bin/bin/../../lib\libm-elf.a(dgtge.eo)
                  0x00170a                  ___gtdf2
                  0x00170a                  ___gedf2
 .libm.divdf3     0x001714         0xb4 c:/program files (x86)/microchip/xc16/v1.26/bin/bin/../../lib\libm-elf.a(divdf3.eo)
                  0x001714                  ___divdf3
 .libm.divsi3     0x0017c8         0x1e c:/program files (x86)/microchip/xc16/v1.26/bin/bin/../../lib\libm-elf.a(divsi3.eo)
                  0x0017c8                  ___divsi3
 .libm.dpack      0x0017e6         0x58 c:/program files (x86)/microchip/xc16/v1.26/bin/bin/../../lib\libm-elf.a(dpack.eo)
                  0x0017e6                  __dpack
 .libm.dunpack2
                  0x00183e         0x32 c:/program files (x86)/microchip/xc16/v1.26/bin/bin/../../lib\libm-elf.a(dunpack2.eo)
                  0x00183e                  __dunpack2
                  0x001860                  __dreturnNaN
                  0x001866                  __dunpack2exit
 .libm.extendsfdf2
                  0x001870         0x3e c:/program files (x86)/microchip/xc16/v1.26/bin/bin/../../lib\libm-elf.a(extendsfdf.eo)
                  0x001870                  ___extendsfdf2
 .libm.fixdfsi    0x0018ae         0x58 c:/program files (x86)/microchip/xc16/v1.26/bin/bin/../../lib\libm-elf.a(fixdfsi.eo)
                  0x0018ae                  _(float, int, long long, double, float, short, int)
 .libm.floatsidf
                  0x001906          0x6 c:/program files (x86)/microchip/xc16/v1.26/bin/bin/../../lib\libm-elf.a(floatsidf.eo)
                  0x001906                  ___floatsidf
 .libm.muldf3     0x00190c         0xea c:/program files (x86)/microchip/xc16/v1.26/bin/bin/../../lib\libm-elf.a(muldf3.eo)
                  0x00190c                  ___muldf3
 .libm.subdf3     0x0019f6          0x4 c:/program files (x86)/microchip/xc16/v1.26/bin/bin/../../lib\libm-elf.a(subdf3.eo)
                  0x0019f6                  ___subdf3
 .libm.mulsi3     0x0019fa          0xc c:/program files (x86)/microchip/xc16/v1.26/bin/bin/../../lib\libm-elf.a(mulsi3.eo)
                  0x0019fa                  ___mulp32peds3
                  0x0019fa                  ___mulsi3
                  0x0019fa                  ___mulp32eds3
 .libm.__PplusBdi
                  0x001a06         0x26 c:/program files (x86)/microchip/xc16/v1.26/bin/bin/../../lib\libm-elf.a(divmoddi3.eo)
 .libm.__PminusBdi
                  0x001a2c         0x26 c:/program files (x86)/microchip/xc16/v1.26/bin/bin/../../lib\libm-elf.a(divmoddi3.eo)
 .libm.__udivmoddi3
                  0x001a52         0xe6 c:/program files (x86)/microchip/xc16/v1.26/bin/bin/../../lib\libm-elf.a(divmoddi3.eo)
                  0x001a52                  ___udivmoddi3
 .libm.__udivdi3
                  0x001b38          0xe c:/program files (x86)/microchip/xc16/v1.26/bin/bin/../../lib\libm-elf.a(divmoddi3.eo)
                  0x001b38                  ___udivdi3
 .libm.__umoddi3
                  0x001b46          0x8 c:/program files (x86)/microchip/xc16/v1.26/bin/bin/../../lib\libm-elf.a(divmoddi3.eo)
                  0x001b46                  ___umoddi3
 .libm.__divdi3
                  0x001b4e         0x60 c:/program files (x86)/microchip/xc16/v1.26/bin/bin/../../lib\libm-elf.a(divmoddi3.eo)
                  0x001b4e                  ___divdi3
 .libm.__moddi3
                  0x001bae         0x5c c:/program files (x86)/microchip/xc16/v1.26/bin/bin/../../lib\libm-elf.a(divmoddi3.eo)
                  0x001bae                  ___moddi3
 .libm.adddf3     0x001c0a         0xfa c:/program files (x86)/microchip/xc16/v1.26/bin/bin/../../lib\libm-elf.a(adddf3.eo)
                  0x001c0a                  ___adddf3
 .libm.dcompare
                  0x001d04         0x52 c:/program files (x86)/microchip/xc16/v1.26/bin/bin/../../lib\libm-elf.a(dcompare.eo)
                  0x001d04                  __dcompare
 .libm.dPropagateNaN
                  0x001d56         0x1c c:/program files (x86)/microchip/xc16/v1.26/bin/bin/../../lib\libm-elf.a(dpropagateNaN.eo)
                  0x001d56                  __dPropagateNaN
 .libm.dtype      0x001d72         0x24 c:/program files (x86)/microchip/xc16/v1.26/bin/bin/../../lib\libm-elf.a(dtype.eo)
                  0x001d72                  __dtype
 .libm.dunpack    0x001d96         0x4e c:/program files (x86)/microchip/xc16/v1.26/bin/bin/../../lib\libm-elf.a(dunpack.eo)
                  0x001d96                  __dunpack
 .libm.floatdidf
                  0x001de4         0x20 c:/program files (x86)/microchip/xc16/v1.26/bin/bin/../../lib\libm-elf.a(floatdidf.eo)
                  0x001de4                  ___floatdidf
 .libm.floatundidf
                  0x001e04         0x56 c:/program files (x86)/microchip/xc16/v1.26/bin/bin/../../lib\libm-elf.a(floatundidf.eo)
                  0x001e04                  ___floatundidf

usercode
 *(usercode)

__FBS             0xf80000          0x2
 *(__FBS.sec*)
 __FBS.sec        0xf80000          0x2 FBS
                  0xf80000                  __FBS.sec

__FSS             0xf80002          0x2
 *(__FSS.sec*)
 __FSS.sec        0xf80002          0x2 FSS
                  0xf80002                  __FSS.sec

__FGS             0xf80004          0x2
 *(__FGS.sec*)
 __FGS.sec        0xf80004          0x2 FGS
                  0xf80004                  __FGS.sec

__FOSCSEL
 *(__FOSCSEL.sec*)

__FOSC
 *(__FOSC.sec*)

__FWDT
 *(__FWDT.sec*)

__FPOR
 *(__FPOR.sec*)

__FICD
 *(__FICD.sec*)

__FUID0
 *(__FUID0.sec*)

__FUID1
 *(__FUID1.sec*)

__FUID2
 *(__FUID2.sec*)

__FUID3
 *(__FUID3.sec*)

.comment
 *(.comment)

.debug_info       0x000000      0x102c6
 *(.debug_info)
 .debug_info      0x000000        0x255 build/default/production/_ext/1472/LC8004delay_b.o
 .debug_info      0x000255        0xdf8 build/default/production/_ext/1472/LC8004extFRAM_i.o
 .debug_info      0x00104d        0x2f3 build/default/production/_ext/1472/AD5241b.o
 .debug_info      0x001340       0xef86 build/default/production/_ext/1472/lc8004main_1_10.o
 *(.gnu.linkonce.wi.*)

.debug_abbrev     0x000000        0x639
 *(.debug_abbrev)
 .debug_abbrev    0x000000         0xd9 build/default/production/_ext/1472/LC8004delay_b.o
 .debug_abbrev    0x0000d9        0x1bd build/default/production/_ext/1472/LC8004extFRAM_i.o
 .debug_abbrev    0x000296         0xb6 build/default/production/_ext/1472/AD5241b.o
 .debug_abbrev    0x00034c        0x2ed build/default/production/_ext/1472/lc8004main_1_10.o

.debug_line       0x000000       0x3eed
 *(.debug_line)
 .debug_line      0x000000         0xb8 build/default/production/_ext/1472/LC8004delay_b.o
 .debug_line      0x0000b8        0x329 build/default/production/_ext/1472/LC8004extFRAM_i.o
 .debug_line      0x0003e1         0xc4 build/default/production/_ext/1472/AD5241b.o
 .debug_line      0x0004a5       0x3a48 build/default/production/_ext/1472/lc8004main_1_10.o

.debug_frame      0x000000       0x2776
 *(.debug_frame)
 .debug_frame     0x000000         0x90 build/default/production/_ext/1472/LC8004delay_b.o
 .debug_frame     0x000090        0x16a build/default/production/_ext/1472/LC8004extFRAM_i.o
 .debug_frame     0x0001fa         0x4c build/default/production/_ext/1472/AD5241b.o
 .debug_frame     0x000246       0x2530 build/default/production/_ext/1472/lc8004main_1_10.o

.debug_str        0x000000       0x1072
 *(.debug_str)
 .debug_str       0x000000         0x20 build/default/production/_ext/1472/LC8004delay_b.o
 .debug_str       0x000020         0xa6 build/default/production/_ext/1472/LC8004extFRAM_i.o
 .debug_str       0x0000c6          0xc build/default/production/_ext/1472/AD5241b.o
 .debug_str       0x0000d2        0xfa0 build/default/production/_ext/1472/lc8004main_1_10.o

.debug_loc
 *(.debug_loc)

.debug_macinfo
 *(.debug_macinfo)

.debug_pubnames
                  0x000000       0x2eb0
 *(.debug_pubnames)
 .debug_pubnames
                  0x000000         0x5f build/default/production/_ext/1472/LC8004delay_b.o
 .debug_pubnames
                  0x00005f        0x117 build/default/production/_ext/1472/LC8004extFRAM_i.o
 .debug_pubnames
                  0x000176         0x33 build/default/production/_ext/1472/AD5241b.o
 .debug_pubnames
                  0x0001a9       0x2d07 build/default/production/_ext/1472/lc8004main_1_10.o

.debug_ranges
 *(.debug_ranges)

.debug_aranges    0x000000         0x60
 *(.debug_aranges)
 .debug_aranges
                  0x000000         0x18 build/default/production/_ext/1472/LC8004delay_b.o
 .debug_aranges
                  0x000018         0x18 build/default/production/_ext/1472/LC8004extFRAM_i.o
 .debug_aranges
                  0x000030         0x18 build/default/production/_ext/1472/AD5241b.o
 .debug_aranges
                  0x000048         0x18 build/default/production/_ext/1472/lc8004main_1_10.o
                    0x0000                  WREG0 = 0x0
                    0x0000                  _WREG0 = 0x0
                    0x0002                  WREG1 = 0x2
                    0x0002                  _WREG1 = 0x2
                    0x0004                  WREG2 = 0x4
                    0x0004                  _WREG2 = 0x4
                    0x0006                  WREG3 = 0x6
                    0x0006                  _WREG3 = 0x6
                    0x0008                  WREG4 = 0x8
                    0x0008                  _WREG4 = 0x8
                    0x000a                  WREG5 = 0xa
                    0x000a                  _WREG5 = 0xa
                    0x000c                  WREG6 = 0xc
                    0x000c                  _WREG6 = 0xc
                    0x000e                  WREG7 = 0xe
                    0x000e                  _WREG7 = 0xe
                    0x0010                  WREG8 = 0x10
                    0x0010                  _WREG8 = 0x10
                    0x0012                  WREG9 = 0x12
                    0x0012                  _WREG9 = 0x12
                    0x0014                  WREG10 = 0x14
                    0x0014                  _WREG10 = 0x14
                    0x0016                  WREG11 = 0x16
                    0x0016                  _WREG11 = 0x16
                    0x0018                  WREG12 = 0x18
                    0x0018                  _WREG12 = 0x18
                    0x001a                  WREG13 = 0x1a
                    0x001a                  _WREG13 = 0x1a
                    0x001c                  WREG14 = 0x1c
                    0x001c                  _WREG14 = 0x1c
                    0x001e                  WREG15 = 0x1e
                    0x001e                  _WREG15 = 0x1e
                    0x0020                  SPLIM = 0x20
                    0x0020                  _SPLIM = 0x20
                    0x0022                  ACCAL = 0x22
                    0x0022                  _ACCAL = 0x22
                    0x0024                  ACCAH = 0x24
                    0x0024                  _ACCAH = 0x24
                    0x0026                  ACCAU = 0x26
                    0x0026                  _ACCAU = 0x26
                    0x0028                  ACCBL = 0x28
                    0x0028                  _ACCBL = 0x28
                    0x002a                  ACCBH = 0x2a
                    0x002a                  _ACCBH = 0x2a
                    0x002c                  ACCBU = 0x2c
                    0x002c                  _ACCBU = 0x2c
                    0x002e                  PCL = 0x2e
                    0x002e                  _PCL = 0x2e
                    0x0030                  PCH = 0x30
                    0x0030                  _PCH = 0x30
                    0x0032                  TBLPAG = 0x32
                    0x0032                  _TBLPAG = 0x32
                    0x0034                  PSVPAG = 0x34
                    0x0034                  _PSVPAG = 0x34
                    0x0036                  RCOUNT = 0x36
                    0x0036                  _RCOUNT = 0x36
                    0x0038                  DCOUNT = 0x38
                    0x0038                  _DCOUNT = 0x38
                    0x003a                  DOSTARTL = 0x3a
                    0x003a                  _DOSTARTL = 0x3a
                    0x003c                  DOSTARTH = 0x3c
                    0x003c                  _DOSTARTH = 0x3c
                    0x003e                  DOENDL = 0x3e
                    0x003e                  _DOENDL = 0x3e
                    0x0040                  DOENDH = 0x40
                    0x0040                  _DOENDH = 0x40
                    0x0042                  SR = 0x42
                    0x0042                  _SR = 0x42
                    0x0042                  _SRbits = 0x42
                    0x0044                  CORCON = 0x44
                    0x0044                  _CORCON = 0x44
                    0x0044                  _CORCONbits = 0x44
                    0x0046                  MODCON = 0x46
                    0x0046                  _MODCON = 0x46
                    0x0046                  _MODCONbits = 0x46
                    0x0048                  XMODSRT = 0x48
                    0x0048                  _XMODSRT = 0x48
                    0x004a                  XMODEND = 0x4a
                    0x004a                  _XMODEND = 0x4a
                    0x004c                  YMODSRT = 0x4c
                    0x004c                  _YMODSRT = 0x4c
                    0x004e                  YMODEND = 0x4e
                    0x004e                  _YMODEND = 0x4e
                    0x0050                  XBREV = 0x50
                    0x0050                  _XBREV = 0x50
                    0x0050                  _XBREVbits = 0x50
                    0x0052                  DISICNT = 0x52
                    0x0052                  _DISICNT = 0x52
                    0x0060                  CNEN1 = 0x60
                    0x0060                  _CNEN1 = 0x60
                    0x0060                  _CNEN1bits = 0x60
                    0x0062                  CNEN2 = 0x62
                    0x0062                  _CNEN2 = 0x62
                    0x0062                  _CNEN2bits = 0x62
                    0x0068                  CNPU1 = 0x68
                    0x0068                  _CNPU1 = 0x68
                    0x0068                  _CNPU1bits = 0x68
                    0x006a                  CNPU2 = 0x6a
                    0x006a                  _CNPU2 = 0x6a
                    0x006a                  _CNPU2bits = 0x6a
                    0x0080                  INTCON1 = 0x80
                    0x0080                  _INTCON1 = 0x80
                    0x0080                  _INTCON1bits = 0x80
                    0x0082                  INTCON2 = 0x82
                    0x0082                  _INTCON2 = 0x82
                    0x0082                  _INTCON2bits = 0x82
                    0x0084                  IFS0 = 0x84
                    0x0084                  _IFS0 = 0x84
                    0x0084                  _IFS0bits = 0x84
                    0x0086                  IFS1 = 0x86
                    0x0086                  _IFS1 = 0x86
                    0x0086                  _IFS1bits = 0x86
                    0x0088                  IFS2 = 0x88
                    0x0088                  _IFS2 = 0x88
                    0x0088                  _IFS2bits = 0x88
                    0x008a                  IFS3 = 0x8a
                    0x008a                  _IFS3 = 0x8a
                    0x008a                  _IFS3bits = 0x8a
                    0x008c                  IFS4 = 0x8c
                    0x008c                  _IFS4 = 0x8c
                    0x008c                  _IFS4bits = 0x8c
                    0x0094                  IEC0 = 0x94
                    0x0094                  _IEC0 = 0x94
                    0x0094                  _IEC0bits = 0x94
                    0x0096                  IEC1 = 0x96
                    0x0096                  _IEC1 = 0x96
                    0x0096                  _IEC1bits = 0x96
                    0x0098                  IEC2 = 0x98
                    0x0098                  _IEC2 = 0x98
                    0x0098                  _IEC2bits = 0x98
                    0x009a                  IEC3 = 0x9a
                    0x009a                  _IEC3 = 0x9a
                    0x009a                  _IEC3bits = 0x9a
                    0x009c                  IEC4 = 0x9c
                    0x009c                  _IEC4 = 0x9c
                    0x009c                  _IEC4bits = 0x9c
                    0x00a4                  IPC0 = 0xa4
                    0x00a4                  _IPC0 = 0xa4
                    0x00a4                  _IPC0bits = 0xa4
                    0x00a6                  IPC1 = 0xa6
                    0x00a6                  _IPC1 = 0xa6
                    0x00a6                  _IPC1bits = 0xa6
                    0x00a8                  IPC2 = 0xa8
                    0x00a8                  _IPC2 = 0xa8
                    0x00a8                  _IPC2bits = 0xa8
                    0x00aa                  IPC3 = 0xaa
                    0x00aa                  _IPC3 = 0xaa
                    0x00aa                  _IPC3bits = 0xaa
                    0x00ac                  IPC4 = 0xac
                    0x00ac                  _IPC4 = 0xac
                    0x00ac                  _IPC4bits = 0xac
                    0x00ae                  IPC5 = 0xae
                    0x00ae                  _IPC5 = 0xae
                    0x00ae                  _IPC5bits = 0xae
                    0x00b0                  IPC6 = 0xb0
                    0x00b0                  _IPC6 = 0xb0
                    0x00b0                  _IPC6bits = 0xb0
                    0x00b2                  IPC7 = 0xb2
                    0x00b2                  _IPC7 = 0xb2
                    0x00b2                  _IPC7bits = 0xb2
                    0x00b4                  IPC8 = 0xb4
                    0x00b4                  _IPC8 = 0xb4
                    0x00b4                  _IPC8bits = 0xb4
                    0x00b6                  IPC9 = 0xb6
                    0x00b6                  _IPC9 = 0xb6
                    0x00b6                  _IPC9bits = 0xb6
                    0x00b8                  IPC10 = 0xb8
                    0x00b8                  _IPC10 = 0xb8
                    0x00b8                  _IPC10bits = 0xb8
                    0x00ba                  IPC11 = 0xba
                    0x00ba                  _IPC11 = 0xba
                    0x00ba                  _IPC11bits = 0xba
                    0x00bc                  IPC12 = 0xbc
                    0x00bc                  _IPC12 = 0xbc
                    0x00bc                  _IPC12bits = 0xbc
                    0x00be                  IPC13 = 0xbe
                    0x00be                  _IPC13 = 0xbe
                    0x00be                  _IPC13bits = 0xbe
                    0x00c0                  IPC14 = 0xc0
                    0x00c0                  _IPC14 = 0xc0
                    0x00c0                  _IPC14bits = 0xc0
                    0x00c2                  IPC15 = 0xc2
                    0x00c2                  _IPC15 = 0xc2
                    0x00c2                  _IPC15bits = 0xc2
                    0x00c4                  IPC16 = 0xc4
                    0x00c4                  _IPC16 = 0xc4
                    0x00c4                  _IPC16bits = 0xc4
                    0x00c6                  IPC17 = 0xc6
                    0x00c6                  _IPC17 = 0xc6
                    0x00c6                  _IPC17bits = 0xc6
                    0x00e0                  INTTREG = 0xe0
                    0x00e0                  _INTTREG = 0xe0
                    0x00e0                  _INTTREGbits = 0xe0
                    0x0100                  TMR1 = 0x100
                    0x0100                  _TMR1 = 0x100
                    0x0102                  PR1 = 0x102
                    0x0102                  _PR1 = 0x102
                    0x0104                  T1CON = 0x104
                    0x0104                  _T1CON = 0x104
                    0x0104                  _T1CONbits = 0x104
                    0x0106                  TMR2 = 0x106
                    0x0106                  _TMR2 = 0x106
                    0x0108                  TMR3HLD = 0x108
                    0x0108                  _TMR3HLD = 0x108
                    0x010a                  TMR3 = 0x10a
                    0x010a                  _TMR3 = 0x10a
                    0x010c                  PR2 = 0x10c
                    0x010c                  _PR2 = 0x10c
                    0x010e                  PR3 = 0x10e
                    0x010e                  _PR3 = 0x10e
                    0x0110                  T2CON = 0x110
                    0x0110                  _T2CON = 0x110
                    0x0110                  _T2CONbits = 0x110
                    0x0112                  T3CON = 0x112
                    0x0112                  _T3CON = 0x112
                    0x0112                  _T3CONbits = 0x112
                    0x0114                  TMR4 = 0x114
                    0x0114                  _TMR4 = 0x114
                    0x0116                  TMR5HLD = 0x116
                    0x0116                  _TMR5HLD = 0x116
                    0x0118                  TMR5 = 0x118
                    0x0118                  _TMR5 = 0x118
                    0x011a                  PR4 = 0x11a
                    0x011a                  _PR4 = 0x11a
                    0x011c                  PR5 = 0x11c
                    0x011c                  _PR5 = 0x11c
                    0x011e                  T4CON = 0x11e
                    0x011e                  _T4CON = 0x11e
                    0x011e                  _T4CONbits = 0x11e
                    0x0120                  T5CON = 0x120
                    0x0120                  _T5CON = 0x120
                    0x0120                  _T5CONbits = 0x120
                    0x0122                  TMR6 = 0x122
                    0x0122                  _TMR6 = 0x122
                    0x0124                  TMR7HLD = 0x124
                    0x0124                  _TMR7HLD = 0x124
                    0x0126                  TMR7 = 0x126
                    0x0126                  _TMR7 = 0x126
                    0x0128                  PR6 = 0x128
                    0x0128                  _PR6 = 0x128
                    0x012a                  PR7 = 0x12a
                    0x012a                  _PR7 = 0x12a
                    0x012c                  T6CON = 0x12c
                    0x012c                  _T6CON = 0x12c
                    0x012c                  _T6CONbits = 0x12c
                    0x012e                  T7CON = 0x12e
                    0x012e                  _T7CON = 0x12e
                    0x012e                  _T7CONbits = 0x12e
                    0x0130                  TMR8 = 0x130
                    0x0130                  _TMR8 = 0x130
                    0x0132                  TMR9HLD = 0x132
                    0x0132                  _TMR9HLD = 0x132
                    0x0134                  TMR9 = 0x134
                    0x0134                  _TMR9 = 0x134
                    0x0136                  PR8 = 0x136
                    0x0136                  _PR8 = 0x136
                    0x0138                  PR9 = 0x138
                    0x0138                  _PR9 = 0x138
                    0x013a                  T8CON = 0x13a
                    0x013a                  _T8CON = 0x13a
                    0x013a                  _T8CONbits = 0x13a
                    0x013c                  T9CON = 0x13c
                    0x013c                  _T9CON = 0x13c
                    0x013c                  _T9CONbits = 0x13c
                    0x0140                  IC1BUF = 0x140
                    0x0140                  _IC1BUF = 0x140
                    0x0142                  IC1CON = 0x142
                    0x0142                  _IC1CON = 0x142
                    0x0142                  _IC1CONbits = 0x142
                    0x0144                  IC2BUF = 0x144
                    0x0144                  _IC2BUF = 0x144
                    0x0146                  IC2CON = 0x146
                    0x0146                  _IC2CON = 0x146
                    0x0146                  _IC2CONbits = 0x146
                    0x0148                  IC3BUF = 0x148
                    0x0148                  _IC3BUF = 0x148
                    0x014a                  IC3CON = 0x14a
                    0x014a                  _IC3CON = 0x14a
                    0x014a                  _IC3CONbits = 0x14a
                    0x014c                  IC4BUF = 0x14c
                    0x014c                  _IC4BUF = 0x14c
                    0x014e                  IC4CON = 0x14e
                    0x014e                  _IC4CON = 0x14e
                    0x014e                  _IC4CONbits = 0x14e
                    0x0150                  IC5BUF = 0x150
                    0x0150                  _IC5BUF = 0x150
                    0x0152                  IC5CON = 0x152
                    0x0152                  _IC5CON = 0x152
                    0x0152                  _IC5CONbits = 0x152
                    0x0154                  IC6BUF = 0x154
                    0x0154                  _IC6BUF = 0x154
                    0x0156                  IC6CON = 0x156
                    0x0156                  _IC6CON = 0x156
                    0x0156                  _IC6CONbits = 0x156
                    0x0158                  IC7BUF = 0x158
                    0x0158                  _IC7BUF = 0x158
                    0x015a                  IC7CON = 0x15a
                    0x015a                  _IC7CON = 0x15a
                    0x015a                  _IC7CONbits = 0x15a
                    0x015c                  IC8BUF = 0x15c
                    0x015c                  _IC8BUF = 0x15c
                    0x015e                  IC8CON = 0x15e
                    0x015e                  _IC8CON = 0x15e
                    0x015e                  _IC8CONbits = 0x15e
                    0x0180                  OC1RS = 0x180
                    0x0180                  _OC1RS = 0x180
                    0x0182                  OC1R = 0x182
                    0x0182                  _OC1R = 0x182
                    0x0184                  OC1CON = 0x184
                    0x0184                  _OC1CON = 0x184
                    0x0184                  _OC1CONbits = 0x184
                    0x0186                  OC2RS = 0x186
                    0x0186                  _OC2RS = 0x186
                    0x0188                  OC2R = 0x188
                    0x0188                  _OC2R = 0x188
                    0x018a                  OC2CON = 0x18a
                    0x018a                  _OC2CON = 0x18a
                    0x018a                  _OC2CONbits = 0x18a
                    0x018c                  OC3RS = 0x18c
                    0x018c                  _OC3RS = 0x18c
                    0x018e                  OC3R = 0x18e
                    0x018e                  _OC3R = 0x18e
                    0x0190                  OC3CON = 0x190
                    0x0190                  _OC3CON = 0x190
                    0x0190                  _OC3CONbits = 0x190
                    0x0192                  OC4RS = 0x192
                    0x0192                  _OC4RS = 0x192
                    0x0194                  OC4R = 0x194
                    0x0194                  _OC4R = 0x194
                    0x0196                  OC4CON = 0x196
                    0x0196                  _OC4CON = 0x196
                    0x0196                  _OC4CONbits = 0x196
                    0x0198                  OC5RS = 0x198
                    0x0198                  _OC5RS = 0x198
                    0x019a                  OC5R = 0x19a
                    0x019a                  _OC5R = 0x19a
                    0x019c                  OC5CON = 0x19c
                    0x019c                  _OC5CON = 0x19c
                    0x019c                  _OC5CONbits = 0x19c
                    0x019e                  OC6RS = 0x19e
                    0x019e                  _OC6RS = 0x19e
                    0x01a0                  OC6R = 0x1a0
                    0x01a0                  _OC6R = 0x1a0
                    0x01a2                  OC6CON = 0x1a2
                    0x01a2                  _OC6CON = 0x1a2
                    0x01a2                  _OC6CONbits = 0x1a2
                    0x01a4                  OC7RS = 0x1a4
                    0x01a4                  _OC7RS = 0x1a4
                    0x01a6                  OC7R = 0x1a6
                    0x01a6                  _OC7R = 0x1a6
                    0x01a8                  OC7CON = 0x1a8
                    0x01a8                  _OC7CON = 0x1a8
                    0x01a8                  _OC7CONbits = 0x1a8
                    0x01aa                  OC8RS = 0x1aa
                    0x01aa                  _OC8RS = 0x1aa
                    0x01ac                  OC8R = 0x1ac
                    0x01ac                  _OC8R = 0x1ac
                    0x01ae                  OC8CON = 0x1ae
                    0x01ae                  _OC8CON = 0x1ae
                    0x01ae                  _OC8CONbits = 0x1ae
                    0x0200                  I2C1RCV = 0x200
                    0x0200                  _I2C1RCV = 0x200
                    0x0200                  I2CRCV = 0x200
                    0x0200                  _I2CRCV = 0x200
                    0x0202                  I2C1TRN = 0x202
                    0x0202                  _I2C1TRN = 0x202
                    0x0202                  I2CTRN = 0x202
                    0x0202                  _I2CTRN = 0x202
                    0x0204                  I2C1BRG = 0x204
                    0x0204                  _I2C1BRG = 0x204
                    0x0206                  I2C1CON = 0x206
                    0x0206                  _I2C1CON = 0x206
                    0x0206                  _I2C1CONbits = 0x206
                    0x0206                  I2CCON = 0x206
                    0x0206                  _I2CCON = 0x206
                    0x0206                  _I2CCONbits = 0x206
                    0x0208                  I2C1STAT = 0x208
                    0x0208                  _I2C1STAT = 0x208
                    0x0208                  _I2C1STATbits = 0x208
                    0x0208                  I2CSTAT = 0x208
                    0x0208                  _I2CSTAT = 0x208
                    0x0208                  _I2CSTATbits = 0x208
                    0x020a                  I2C1ADD = 0x20a
                    0x020a                  _I2C1ADD = 0x20a
                    0x020a                  I2CADD = 0x20a
                    0x020a                  _I2CADD = 0x20a
                    0x020c                  I2C1MSK = 0x20c
                    0x020c                  _I2C1MSK = 0x20c
                    0x0210                  I2C2RCV = 0x210
                    0x0210                  _I2C2RCV = 0x210
                    0x0212                  I2C2TRN = 0x212
                    0x0212                  _I2C2TRN = 0x212
                    0x0214                  I2C2BRG = 0x214
                    0x0214                  _I2C2BRG = 0x214
                    0x0216                  I2C2CON = 0x216
                    0x0216                  _I2C2CON = 0x216
                    0x0216                  _I2C2CONbits = 0x216
                    0x0218                  I2C2STAT = 0x218
                    0x0218                  _I2C2STAT = 0x218
                    0x0218                  _I2C2STATbits = 0x218
                    0x021a                  I2C2ADD = 0x21a
                    0x021a                  _I2C2ADD = 0x21a
                    0x021c                  I2C2MSK = 0x21c
                    0x021c                  _I2C2MSK = 0x21c
                    0x0220                  U1MODE = 0x220
                    0x0220                  _U1MODE = 0x220
                    0x0220                  _U1MODEbits = 0x220
                    0x0222                  U1STA = 0x222
                    0x0222                  _U1STA = 0x222
                    0x0222                  _U1STAbits = 0x222
                    0x0224                  U1TXREG = 0x224
                    0x0224                  _U1TXREG = 0x224
                    0x0224                  _U1TXREGbits = 0x224
                    0x0226                  U1RXREG = 0x226
                    0x0226                  _U1RXREG = 0x226
                    0x0226                  _U1RXREGbits = 0x226
                    0x0228                  U1BRG = 0x228
                    0x0228                  _U1BRG = 0x228
                    0x0230                  U2MODE = 0x230
                    0x0230                  _U2MODE = 0x230
                    0x0230                  _U2MODEbits = 0x230
                    0x0232                  U2STA = 0x232
                    0x0232                  _U2STA = 0x232
                    0x0232                  _U2STAbits = 0x232
                    0x0234                  U2TXREG = 0x234
                    0x0234                  _U2TXREG = 0x234
                    0x0234                  _U2TXREGbits = 0x234
                    0x0236                  U2RXREG = 0x236
                    0x0236                  _U2RXREG = 0x236
                    0x0236                  _U2RXREGbits = 0x236
                    0x0238                  U2BRG = 0x238
                    0x0238                  _U2BRG = 0x238
                    0x0240                  SPI1STAT = 0x240
                    0x0240                  _SPI1STAT = 0x240
                    0x0240                  _SPI1STATbits = 0x240
                    0x0242                  SPI1CON1 = 0x242
                    0x0242                  _SPI1CON1 = 0x242
                    0x0242                  _SPI1CON1bits = 0x242
                    0x0244                  SPI1CON2 = 0x244
                    0x0244                  _SPI1CON2 = 0x244
                    0x0244                  _SPI1CON2bits = 0x244
                    0x0248                  SPI1BUF = 0x248
                    0x0248                  _SPI1BUF = 0x248
                    0x0260                  SPI2STAT = 0x260
                    0x0260                  _SPI2STAT = 0x260
                    0x0260                  _SPI2STATbits = 0x260
                    0x0262                  SPI2CON1 = 0x262
                    0x0262                  _SPI2CON1 = 0x262
                    0x0262                  _SPI2CON1bits = 0x262
                    0x0264                  SPI2CON2 = 0x264
                    0x0264                  _SPI2CON2 = 0x264
                    0x0264                  _SPI2CON2bits = 0x264
                    0x0268                  SPI2BUF = 0x268
                    0x0268                  _SPI2BUF = 0x268
                    0x0280                  DCICON1 = 0x280
                    0x0280                  _DCICON1 = 0x280
                    0x0280                  _DCICON1bits = 0x280
                    0x0282                  DCICON2 = 0x282
                    0x0282                  _DCICON2 = 0x282
                    0x0282                  _DCICON2bits = 0x282
                    0x0284                  DCICON3 = 0x284
                    0x0284                  _DCICON3 = 0x284
                    0x0284                  _DCICON3bits = 0x284
                    0x0286                  DCISTAT = 0x286
                    0x0286                  _DCISTAT = 0x286
                    0x0286                  _DCISTATbits = 0x286
                    0x0288                  TSCON = 0x288
                    0x0288                  _TSCON = 0x288
                    0x0288                  _TSCONbits = 0x288
                    0x028c                  RSCON = 0x28c
                    0x028c                  _RSCON = 0x28c
                    0x028c                  _RSCONbits = 0x28c
                    0x0290                  RXBUF0 = 0x290
                    0x0290                  _RXBUF0 = 0x290
                    0x0292                  RXBUF1 = 0x292
                    0x0292                  _RXBUF1 = 0x292
                    0x0294                  RXBUF2 = 0x294
                    0x0294                  _RXBUF2 = 0x294
                    0x0296                  RXBUF3 = 0x296
                    0x0296                  _RXBUF3 = 0x296
                    0x0298                  TXBUF0 = 0x298
                    0x0298                  _TXBUF0 = 0x298
                    0x029a                  TXBUF1 = 0x29a
                    0x029a                  _TXBUF1 = 0x29a
                    0x029c                  TXBUF2 = 0x29c
                    0x029c                  _TXBUF2 = 0x29c
                    0x029e                  TXBUF3 = 0x29e
                    0x029e                  _TXBUF3 = 0x29e
                    0x02c0                  TRISA = 0x2c0
                    0x02c0                  _TRISA = 0x2c0
                    0x02c0                  _TRISAbits = 0x2c0
                    0x02c2                  PORTA = 0x2c2
                    0x02c2                  _PORTA = 0x2c2
                    0x02c2                  _PORTAbits = 0x2c2
                    0x02c4                  LATA = 0x2c4
                    0x02c4                  _LATA = 0x2c4
                    0x02c4                  _LATAbits = 0x2c4
                    0x02c6                  TRISB = 0x2c6
                    0x02c6                  _TRISB = 0x2c6
                    0x02c6                  _TRISBbits = 0x2c6
                    0x02c8                  PORTB = 0x2c8
                    0x02c8                  _PORTB = 0x2c8
                    0x02c8                  _PORTBbits = 0x2c8
                    0x02ca                  LATB = 0x2ca
                    0x02ca                  _LATB = 0x2ca
                    0x02ca                  _LATBbits = 0x2ca
                    0x02cc                  TRISC = 0x2cc
                    0x02cc                  _TRISC = 0x2cc
                    0x02cc                  _TRISCbits = 0x2cc
                    0x02ce                  PORTC = 0x2ce
                    0x02ce                  _PORTC = 0x2ce
                    0x02ce                  _PORTCbits = 0x2ce
                    0x02d0                  LATC = 0x2d0
                    0x02d0                  _LATC = 0x2d0
                    0x02d0                  _LATCbits = 0x2d0
                    0x02d2                  TRISD = 0x2d2
                    0x02d2                  _TRISD = 0x2d2
                    0x02d2                  _TRISDbits = 0x2d2
                    0x02d4                  PORTD = 0x2d4
                    0x02d4                  _PORTD = 0x2d4
                    0x02d4                  _PORTDbits = 0x2d4
                    0x02d6                  LATD = 0x2d6
                    0x02d6                  _LATD = 0x2d6
                    0x02d6                  _LATDbits = 0x2d6
                    0x02d8                  TRISE = 0x2d8
                    0x02d8                  _TRISE = 0x2d8
                    0x02d8                  _TRISEbits = 0x2d8
                    0x02da                  PORTE = 0x2da
                    0x02da                  _PORTE = 0x2da
                    0x02da                  _PORTEbits = 0x2da
                    0x02dc                  LATE = 0x2dc
                    0x02dc                  _LATE = 0x2dc
                    0x02dc                  _LATEbits = 0x2dc
                    0x02de                  TRISF = 0x2de
                    0x02de                  _TRISF = 0x2de
                    0x02de                  _TRISFbits = 0x2de
                    0x02e0                  PORTF = 0x2e0
                    0x02e0                  _PORTF = 0x2e0
                    0x02e0                  _PORTFbits = 0x2e0
                    0x02e2                  LATF = 0x2e2
                    0x02e2                  _LATF = 0x2e2
                    0x02e2                  _LATFbits = 0x2e2
                    0x02e4                  TRISG = 0x2e4
                    0x02e4                  _TRISG = 0x2e4
                    0x02e4                  _TRISGbits = 0x2e4
                    0x02e6                  PORTG = 0x2e6
                    0x02e6                  _PORTG = 0x2e6
                    0x02e6                  _PORTGbits = 0x2e6
                    0x02e8                  LATG = 0x2e8
                    0x02e8                  _LATG = 0x2e8
                    0x02e8                  _LATGbits = 0x2e8
                    0x0300                  ADC1BUF0 = 0x300
                    0x0300                  _ADC1BUF0 = 0x300
                    0x0300                  ADCBUF0 = 0x300
                    0x0300                  _ADCBUF0 = 0x300
                    0x0320                  AD1CON1 = 0x320
                    0x0320                  _AD1CON1 = 0x320
                    0x0320                  _AD1CON1bits = 0x320
                    0x0322                  AD1CON2 = 0x322
                    0x0322                  _AD1CON2 = 0x322
                    0x0322                  _AD1CON2bits = 0x322
                    0x0324                  AD1CON3 = 0x324
                    0x0324                  _AD1CON3 = 0x324
                    0x0324                  _AD1CON3bits = 0x324
                    0x0326                  AD1CHS123 = 0x326
                    0x0326                  _AD1CHS123 = 0x326
                    0x0326                  _AD1CHS123bits = 0x326
                    0x0328                  AD1CHS0 = 0x328
                    0x0328                  _AD1CHS0 = 0x328
                    0x0328                  _AD1CHS0bits = 0x328
                    0x032a                  AD1PCFGH = 0x32a
                    0x032a                  _AD1PCFGH = 0x32a
                    0x032a                  _AD1PCFGHbits = 0x32a
                    0x032c                  AD1PCFGL = 0x32c
                    0x032c                  _AD1PCFGL = 0x32c
                    0x032c                  _AD1PCFGLbits = 0x32c
                    0x032c                  ADPCFG = 0x32c
                    0x032c                  _ADPCFG = 0x32c
                    0x032c                  _ADPCFGbits = 0x32c
                    0x032e                  AD1CSSH = 0x32e
                    0x032e                  _AD1CSSH = 0x32e
                    0x032e                  _AD1CSSHbits = 0x32e
                    0x0330                  AD1CSSL = 0x330
                    0x0330                  _AD1CSSL = 0x330
                    0x0330                  _AD1CSSLbits = 0x330
                    0x0332                  AD1CON4 = 0x332
                    0x0332                  _AD1CON4 = 0x332
                    0x0332                  _AD1CON4bits = 0x332
                    0x0340                  ADC2BUF0 = 0x340
                    0x0340                  _ADC2BUF0 = 0x340
                    0x0360                  AD2CON1 = 0x360
                    0x0360                  _AD2CON1 = 0x360
                    0x0360                  _AD2CON1bits = 0x360
                    0x0362                  AD2CON2 = 0x362
                    0x0362                  _AD2CON2 = 0x362
                    0x0362                  _AD2CON2bits = 0x362
                    0x0364                  AD2CON3 = 0x364
                    0x0364                  _AD2CON3 = 0x364
                    0x0364                  _AD2CON3bits = 0x364
                    0x0366                  AD2CHS123 = 0x366
                    0x0366                  _AD2CHS123 = 0x366
                    0x0366                  _AD2CHS123bits = 0x366
                    0x0368                  AD2CHS0 = 0x368
                    0x0368                  _AD2CHS0 = 0x368
                    0x0368                  _AD2CHS0bits = 0x368
                    0x036c                  AD2PCFGL = 0x36c
                    0x036c                  _AD2PCFGL = 0x36c
                    0x036c                  _AD2PCFGLbits = 0x36c
                    0x0370                  AD2CSSL = 0x370
                    0x0370                  _AD2CSSL = 0x370
                    0x0370                  _AD2CSSLbits = 0x370
                    0x0372                  AD2CON4 = 0x372
                    0x0372                  _AD2CON4 = 0x372
                    0x0372                  _AD2CON4bits = 0x372
                    0x0380                  DMA0CON = 0x380
                    0x0380                  _DMA0CON = 0x380
                    0x0380                  _DMA0CONbits = 0x380
                    0x0382                  DMA0REQ = 0x382
                    0x0382                  _DMA0REQ = 0x382
                    0x0382                  _DMA0REQbits = 0x382
                    0x0384                  DMA0STA = 0x384
                    0x0384                  _DMA0STA = 0x384
                    0x0386                  DMA0STB = 0x386
                    0x0386                  _DMA0STB = 0x386
                    0x0388                  DMA0PAD = 0x388
                    0x0388                  _DMA0PAD = 0x388
                    0x038a                  DMA0CNT = 0x38a
                    0x038a                  _DMA0CNT = 0x38a
                    0x038c                  DMA1CON = 0x38c
                    0x038c                  _DMA1CON = 0x38c
                    0x038c                  _DMA1CONbits = 0x38c
                    0x038e                  DMA1REQ = 0x38e
                    0x038e                  _DMA1REQ = 0x38e
                    0x038e                  _DMA1REQbits = 0x38e
                    0x0390                  DMA1STA = 0x390
                    0x0390                  _DMA1STA = 0x390
                    0x0392                  DMA1STB = 0x392
                    0x0392                  _DMA1STB = 0x392
                    0x0394                  DMA1PAD = 0x394
                    0x0394                  _DMA1PAD = 0x394
                    0x0396                  DMA1CNT = 0x396
                    0x0396                  _DMA1CNT = 0x396
                    0x0398                  DMA2CON = 0x398
                    0x0398                  _DMA2CON = 0x398
                    0x0398                  _DMA2CONbits = 0x398
                    0x039a                  DMA2REQ = 0x39a
                    0x039a                  _DMA2REQ = 0x39a
                    0x039a                  _DMA2REQbits = 0x39a
                    0x039c                  DMA2STA = 0x39c
                    0x039c                  _DMA2STA = 0x39c
                    0x039e                  DMA2STB = 0x39e
                    0x039e                  _DMA2STB = 0x39e
                    0x03a0                  DMA2PAD = 0x3a0
                    0x03a0                  _DMA2PAD = 0x3a0
                    0x03a2                  DMA2CNT = 0x3a2
                    0x03a2                  _DMA2CNT = 0x3a2
                    0x03a4                  DMA3CON = 0x3a4
                    0x03a4                  _DMA3CON = 0x3a4
                    0x03a4                  _DMA3CONbits = 0x3a4
                    0x03a6                  DMA3REQ = 0x3a6
                    0x03a6                  _DMA3REQ = 0x3a6
                    0x03a6                  _DMA3REQbits = 0x3a6
                    0x03a8                  DMA3STA = 0x3a8
                    0x03a8                  _DMA3STA = 0x3a8
                    0x03aa                  DMA3STB = 0x3aa
                    0x03aa                  _DMA3STB = 0x3aa
                    0x03ac                  DMA3PAD = 0x3ac
                    0x03ac                  _DMA3PAD = 0x3ac
                    0x03ae                  DMA3CNT = 0x3ae
                    0x03ae                  _DMA3CNT = 0x3ae
                    0x03b0                  DMA4CON = 0x3b0
                    0x03b0                  _DMA4CON = 0x3b0
                    0x03b0                  _DMA4CONbits = 0x3b0
                    0x03b2                  DMA4REQ = 0x3b2
                    0x03b2                  _DMA4REQ = 0x3b2
                    0x03b2                  _DMA4REQbits = 0x3b2
                    0x03b4                  DMA4STA = 0x3b4
                    0x03b4                  _DMA4STA = 0x3b4
                    0x03b6                  DMA4STB = 0x3b6
                    0x03b6                  _DMA4STB = 0x3b6
                    0x03b8                  DMA4PAD = 0x3b8
                    0x03b8                  _DMA4PAD = 0x3b8
                    0x03ba                  DMA4CNT = 0x3ba
                    0x03ba                  _DMA4CNT = 0x3ba
                    0x03bc                  DMA5CON = 0x3bc
                    0x03bc                  _DMA5CON = 0x3bc
                    0x03bc                  _DMA5CONbits = 0x3bc
                    0x03be                  DMA5REQ = 0x3be
                    0x03be                  _DMA5REQ = 0x3be
                    0x03be                  _DMA5REQbits = 0x3be
                    0x03c0                  DMA5STA = 0x3c0
                    0x03c0                  _DMA5STA = 0x3c0
                    0x03c2                  DMA5STB = 0x3c2
                    0x03c2                  _DMA5STB = 0x3c2
                    0x03c4                  DMA5PAD = 0x3c4
                    0x03c4                  _DMA5PAD = 0x3c4
                    0x03c6                  DMA5CNT = 0x3c6
                    0x03c6                  _DMA5CNT = 0x3c6
                    0x03c8                  DMA6CON = 0x3c8
                    0x03c8                  _DMA6CON = 0x3c8
                    0x03c8                  _DMA6CONbits = 0x3c8
                    0x03ca                  DMA6REQ = 0x3ca
                    0x03ca                  _DMA6REQ = 0x3ca
                    0x03ca                  _DMA6REQbits = 0x3ca
                    0x03cc                  DMA6STA = 0x3cc
                    0x03cc                  _DMA6STA = 0x3cc
                    0x03ce                  DMA6STB = 0x3ce
                    0x03ce                  _DMA6STB = 0x3ce
                    0x03d0                  DMA6PAD = 0x3d0
                    0x03d0                  _DMA6PAD = 0x3d0
                    0x03d2                  DMA6CNT = 0x3d2
                    0x03d2                  _DMA6CNT = 0x3d2
                    0x03d4                  DMA7CON = 0x3d4
                    0x03d4                  _DMA7CON = 0x3d4
                    0x03d4                  _DMA7CONbits = 0x3d4
                    0x03d6                  DMA7REQ = 0x3d6
                    0x03d6                  _DMA7REQ = 0x3d6
                    0x03d6                  _DMA7REQbits = 0x3d6
                    0x03d8                  DMA7STA = 0x3d8
                    0x03d8                  _DMA7STA = 0x3d8
                    0x03da                  DMA7STB = 0x3da
                    0x03da                  _DMA7STB = 0x3da
                    0x03dc                  DMA7PAD = 0x3dc
                    0x03dc                  _DMA7PAD = 0x3dc
                    0x03de                  DMA7CNT = 0x3de
                    0x03de                  _DMA7CNT = 0x3de
                    0x03e0                  DMACS0 = 0x3e0
                    0x03e0                  _DMACS0 = 0x3e0
                    0x03e0                  _DMACS0bits = 0x3e0
                    0x03e2                  DMACS1 = 0x3e2
                    0x03e2                  _DMACS1 = 0x3e2
                    0x03e2                  _DMACS1bits = 0x3e2
                    0x03e4                  DSADR = 0x3e4
                    0x03e4                  _DSADR = 0x3e4
                    0x0400                  C1CTRL1 = 0x400
                    0x0400                  _C1CTRL1 = 0x400
                    0x0400                  _C1CTRL1bits = 0x400
                    0x0402                  C1CTRL2 = 0x402
                    0x0402                  _C1CTRL2 = 0x402
                    0x0402                  _C1CTRL2bits = 0x402
                    0x0404                  C1VEC = 0x404
                    0x0404                  _C1VEC = 0x404
                    0x0404                  _C1VECbits = 0x404
                    0x0406                  C1FCTRL = 0x406
                    0x0406                  _C1FCTRL = 0x406
                    0x0406                  _C1FCTRLbits = 0x406
                    0x0408                  C1FIFO = 0x408
                    0x0408                  _C1FIFO = 0x408
                    0x0408                  _C1FIFObits = 0x408
                    0x040a                  C1INTF = 0x40a
                    0x040a                  _C1INTF = 0x40a
                    0x040a                  _C1INTFbits = 0x40a
                    0x040c                  C1INTE = 0x40c
                    0x040c                  _C1INTE = 0x40c
                    0x040c                  _C1INTEbits = 0x40c
                    0x040e                  C1EC = 0x40e
                    0x040e                  _C1EC = 0x40e
                    0x040e                  _C1ECbits = 0x40e
                    0x040e                  C1RERRCNT = 0x40e
                    0x040e                  _C1RERRCNT = 0x40e
                    0x040f                  C1TERRCNT = 0x40f
                    0x040f                  _C1TERRCNT = 0x40f
                    0x0410                  C1CFG1 = 0x410
                    0x0410                  _C1CFG1 = 0x410
                    0x0410                  _C1CFG1bits = 0x410
                    0x0412                  C1CFG2 = 0x412
                    0x0412                  _C1CFG2 = 0x412
                    0x0412                  _C1CFG2bits = 0x412
                    0x0414                  C1FEN1 = 0x414
                    0x0414                  _C1FEN1 = 0x414
                    0x0414                  _C1FEN1bits = 0x414
                    0x0418                  C1FMSKSEL1 = 0x418
                    0x0418                  _C1FMSKSEL1 = 0x418
                    0x0418                  _C1FMSKSEL1bits = 0x418
                    0x041a                  C1FMSKSEL2 = 0x41a
                    0x041a                  _C1FMSKSEL2 = 0x41a
                    0x041a                  _C1FMSKSEL2bits = 0x41a
                    0x0420                  C1BUFPNT1 = 0x420
                    0x0420                  _C1BUFPNT1 = 0x420
                    0x0420                  _C1BUFPNT1bits = 0x420
                    0x0420                  C1RXFUL1 = 0x420
                    0x0420                  _C1RXFUL1 = 0x420
                    0x0420                  _C1RXFUL1bits = 0x420
                    0x0422                  C1BUFPNT2 = 0x422
                    0x0422                  _C1BUFPNT2 = 0x422
                    0x0422                  _C1BUFPNT2bits = 0x422
                    0x0422                  C1RXFUL2 = 0x422
                    0x0422                  _C1RXFUL2 = 0x422
                    0x0422                  _C1RXFUL2bits = 0x422
                    0x0424                  C1BUFPNT3 = 0x424
                    0x0424                  _C1BUFPNT3 = 0x424
                    0x0424                  _C1BUFPNT3bits = 0x424
                    0x0426                  C1BUFPNT4 = 0x426
                    0x0426                  _C1BUFPNT4 = 0x426
                    0x0426                  _C1BUFPNT4bits = 0x426
                    0x0428                  C1RXOVF1 = 0x428
                    0x0428                  _C1RXOVF1 = 0x428
                    0x0428                  _C1RXOVF1bits = 0x428
                    0x042a                  C1RXOVF2 = 0x42a
                    0x042a                  _C1RXOVF2 = 0x42a
                    0x042a                  _C1RXOVF2bits = 0x42a
                    0x0430                  C1RXM0SID = 0x430
                    0x0430                  _C1RXM0SID = 0x430
                    0x0430                  _C1RXM0SIDbits = 0x430
                    0x0430                  C1TR01CON = 0x430
                    0x0430                  _C1TR01CON = 0x430
                    0x0430                  _C1TR01CONbits = 0x430
                    0x0432                  C1RXM0EID = 0x432
                    0x0432                  _C1RXM0EID = 0x432
                    0x0432                  _C1RXM0EIDbits = 0x432
                    0x0432                  C1TR23CON = 0x432
                    0x0432                  _C1TR23CON = 0x432
                    0x0432                  _C1TR23CONbits = 0x432
                    0x0434                  C1RXM1SID = 0x434
                    0x0434                  _C1RXM1SID = 0x434
                    0x0434                  _C1RXM1SIDbits = 0x434
                    0x0434                  C1TR45CON = 0x434
                    0x0434                  _C1TR45CON = 0x434
                    0x0434                  _C1TR45CONbits = 0x434
                    0x0436                  C1RXM1EID = 0x436
                    0x0436                  _C1RXM1EID = 0x436
                    0x0436                  _C1RXM1EIDbits = 0x436
                    0x0436                  C1TR67CON = 0x436
                    0x0436                  _C1TR67CON = 0x436
                    0x0436                  _C1TR67CONbits = 0x436
                    0x0438                  C1RXM2SID = 0x438
                    0x0438                  _C1RXM2SID = 0x438
                    0x0438                  _C1RXM2SIDbits = 0x438
                    0x043a                  C1RXM2EID = 0x43a
                    0x043a                  _C1RXM2EID = 0x43a
                    0x043a                  _C1RXM2EIDbits = 0x43a
                    0x0440                  C1RXD = 0x440
                    0x0440                  _C1RXD = 0x440
                    0x0440                  C1RXF0SID = 0x440
                    0x0440                  _C1RXF0SID = 0x440
                    0x0440                  _C1RXF0SIDbits = 0x440
                    0x0442                  C1RXF0EID = 0x442
                    0x0442                  _C1RXF0EID = 0x442
                    0x0442                  _C1RXF0EIDbits = 0x442
                    0x0442                  C1TXD = 0x442
                    0x0442                  _C1TXD = 0x442
                    0x0444                  C1RXF1SID = 0x444
                    0x0444                  _C1RXF1SID = 0x444
                    0x0444                  _C1RXF1SIDbits = 0x444
                    0x0446                  C1RXF1EID = 0x446
                    0x0446                  _C1RXF1EID = 0x446
                    0x0446                  _C1RXF1EIDbits = 0x446
                    0x0448                  C1RXF2SID = 0x448
                    0x0448                  _C1RXF2SID = 0x448
                    0x0448                  _C1RXF2SIDbits = 0x448
                    0x044a                  C1RXF2EID = 0x44a
                    0x044a                  _C1RXF2EID = 0x44a
                    0x044a                  _C1RXF2EIDbits = 0x44a
                    0x044c                  C1RXF3SID = 0x44c
                    0x044c                  _C1RXF3SID = 0x44c
                    0x044c                  _C1RXF3SIDbits = 0x44c
                    0x044e                  C1RXF3EID = 0x44e
                    0x044e                  _C1RXF3EID = 0x44e
                    0x044e                  _C1RXF3EIDbits = 0x44e
                    0x0450                  C1RXF4SID = 0x450
                    0x0450                  _C1RXF4SID = 0x450
                    0x0450                  _C1RXF4SIDbits = 0x450
                    0x0452                  C1RXF4EID = 0x452
                    0x0452                  _C1RXF4EID = 0x452
                    0x0452                  _C1RXF4EIDbits = 0x452
                    0x0454                  C1RXF5SID = 0x454
                    0x0454                  _C1RXF5SID = 0x454
                    0x0454                  _C1RXF5SIDbits = 0x454
                    0x0456                  C1RXF5EID = 0x456
                    0x0456                  _C1RXF5EID = 0x456
                    0x0456                  _C1RXF5EIDbits = 0x456
                    0x0458                  C1RXF6SID = 0x458
                    0x0458                  _C1RXF6SID = 0x458
                    0x0458                  _C1RXF6SIDbits = 0x458
                    0x045a                  C1RXF6EID = 0x45a
                    0x045a                  _C1RXF6EID = 0x45a
                    0x045a                  _C1RXF6EIDbits = 0x45a
                    0x045c                  C1RXF7SID = 0x45c
                    0x045c                  _C1RXF7SID = 0x45c
                    0x045c                  _C1RXF7SIDbits = 0x45c
                    0x045e                  C1RXF7EID = 0x45e
                    0x045e                  _C1RXF7EID = 0x45e
                    0x045e                  _C1RXF7EIDbits = 0x45e
                    0x0460                  C1RXF8SID = 0x460
                    0x0460                  _C1RXF8SID = 0x460
                    0x0460                  _C1RXF8SIDbits = 0x460
                    0x0462                  C1RXF8EID = 0x462
                    0x0462                  _C1RXF8EID = 0x462
                    0x0462                  _C1RXF8EIDbits = 0x462
                    0x0464                  C1RXF9SID = 0x464
                    0x0464                  _C1RXF9SID = 0x464
                    0x0464                  _C1RXF9SIDbits = 0x464
                    0x0466                  C1RXF9EID = 0x466
                    0x0466                  _C1RXF9EID = 0x466
                    0x0466                  _C1RXF9EIDbits = 0x466
                    0x0468                  C1RXF10SID = 0x468
                    0x0468                  _C1RXF10SID = 0x468
                    0x0468                  _C1RXF10SIDbits = 0x468
                    0x046a                  C1RXF10EID = 0x46a
                    0x046a                  _C1RXF10EID = 0x46a
                    0x046a                  _C1RXF10EIDbits = 0x46a
                    0x046c                  C1RXF11SID = 0x46c
                    0x046c                  _C1RXF11SID = 0x46c
                    0x046c                  _C1RXF11SIDbits = 0x46c
                    0x046e                  C1RXF11EID = 0x46e
                    0x046e                  _C1RXF11EID = 0x46e
                    0x046e                  _C1RXF11EIDbits = 0x46e
                    0x0470                  C1RXF12SID = 0x470
                    0x0470                  _C1RXF12SID = 0x470
                    0x0470                  _C1RXF12SIDbits = 0x470
                    0x0472                  C1RXF12EID = 0x472
                    0x0472                  _C1RXF12EID = 0x472
                    0x0472                  _C1RXF12EIDbits = 0x472
                    0x0474                  C1RXF13SID = 0x474
                    0x0474                  _C1RXF13SID = 0x474
                    0x0474                  _C1RXF13SIDbits = 0x474
                    0x0476                  C1RXF13EID = 0x476
                    0x0476                  _C1RXF13EID = 0x476
                    0x0476                  _C1RXF13EIDbits = 0x476
                    0x0478                  C1RXF14SID = 0x478
                    0x0478                  _C1RXF14SID = 0x478
                    0x0478                  _C1RXF14SIDbits = 0x478
                    0x047a                  C1RXF14EID = 0x47a
                    0x047a                  _C1RXF14EID = 0x47a
                    0x047a                  _C1RXF14EIDbits = 0x47a
                    0x047c                  C1RXF15SID = 0x47c
                    0x047c                  _C1RXF15SID = 0x47c
                    0x047c                  _C1RXF15SIDbits = 0x47c
                    0x047e                  C1RXF15EID = 0x47e
                    0x047e                  _C1RXF15EID = 0x47e
                    0x047e                  _C1RXF15EIDbits = 0x47e
                    0x0500                  C2CTRL1 = 0x500
                    0x0500                  _C2CTRL1 = 0x500
                    0x0500                  _C2CTRL1bits = 0x500
                    0x0502                  C2CTRL2 = 0x502
                    0x0502                  _C2CTRL2 = 0x502
                    0x0502                  _C2CTRL2bits = 0x502
                    0x0504                  C2VEC = 0x504
                    0x0504                  _C2VEC = 0x504
                    0x0504                  _C2VECbits = 0x504
                    0x0506                  C2FCTRL = 0x506
                    0x0506                  _C2FCTRL = 0x506
                    0x0506                  _C2FCTRLbits = 0x506
                    0x0508                  C2FIFO = 0x508
                    0x0508                  _C2FIFO = 0x508
                    0x0508                  _C2FIFObits = 0x508
                    0x050a                  C2INTF = 0x50a
                    0x050a                  _C2INTF = 0x50a
                    0x050a                  _C2INTFbits = 0x50a
                    0x050c                  C2INTE = 0x50c
                    0x050c                  _C2INTE = 0x50c
                    0x050c                  _C2INTEbits = 0x50c
                    0x050e                  C2EC = 0x50e
                    0x050e                  _C2EC = 0x50e
                    0x050e                  _C2ECbits = 0x50e
                    0x050e                  C2RERRCNT = 0x50e
                    0x050e                  _C2RERRCNT = 0x50e
                    0x050f                  C2TERRCNT = 0x50f
                    0x050f                  _C2TERRCNT = 0x50f
                    0x0510                  C2CFG1 = 0x510
                    0x0510                  _C2CFG1 = 0x510
                    0x0510                  _C2CFG1bits = 0x510
                    0x0512                  C2CFG2 = 0x512
                    0x0512                  _C2CFG2 = 0x512
                    0x0512                  _C2CFG2bits = 0x512
                    0x0514                  C2FEN1 = 0x514
                    0x0514                  _C2FEN1 = 0x514
                    0x0514                  _C2FEN1bits = 0x514
                    0x0518                  C2FMSKSEL1 = 0x518
                    0x0518                  _C2FMSKSEL1 = 0x518
                    0x0518                  _C2FMSKSEL1bits = 0x518
                    0x051a                  C2FMSKSEL2 = 0x51a
                    0x051a                  _C2FMSKSEL2 = 0x51a
                    0x051a                  _C2FMSKSEL2bits = 0x51a
                    0x0520                  C2BUFPNT1 = 0x520
                    0x0520                  _C2BUFPNT1 = 0x520
                    0x0520                  _C2BUFPNT1bits = 0x520
                    0x0520                  C2RXFUL1 = 0x520
                    0x0520                  _C2RXFUL1 = 0x520
                    0x0520                  _C2RXFUL1bits = 0x520
                    0x0522                  C2BUFPNT2 = 0x522
                    0x0522                  _C2BUFPNT2 = 0x522
                    0x0522                  _C2BUFPNT2bits = 0x522
                    0x0522                  C2RXFUL2 = 0x522
                    0x0522                  _C2RXFUL2 = 0x522
                    0x0522                  _C2RXFUL2bits = 0x522
                    0x0524                  C2BUFPNT3 = 0x524
                    0x0524                  _C2BUFPNT3 = 0x524
                    0x0524                  _C2BUFPNT3bits = 0x524
                    0x0526                  C2BUFPNT4 = 0x526
                    0x0526                  _C2BUFPNT4 = 0x526
                    0x0526                  _C2BUFPNT4bits = 0x526
                    0x0528                  C2RXOVF1 = 0x528
                    0x0528                  _C2RXOVF1 = 0x528
                    0x0528                  _C2RXOVF1bits = 0x528
                    0x052a                  C2RXOVF2 = 0x52a
                    0x052a                  _C2RXOVF2 = 0x52a
                    0x052a                  _C2RXOVF2bits = 0x52a
                    0x0530                  C2RXM0SID = 0x530
                    0x0530                  _C2RXM0SID = 0x530
                    0x0530                  _C2RXM0SIDbits = 0x530
                    0x0530                  C2TR01CON = 0x530
                    0x0530                  _C2TR01CON = 0x530
                    0x0530                  _C2TR01CONbits = 0x530
                    0x0532                  C2RXM0EID = 0x532
                    0x0532                  _C2RXM0EID = 0x532
                    0x0532                  _C2RXM0EIDbits = 0x532
                    0x0532                  C2TR23CON = 0x532
                    0x0532                  _C2TR23CON = 0x532
                    0x0532                  _C2TR23CONbits = 0x532
                    0x0534                  C2RXM1SID = 0x534
                    0x0534                  _C2RXM1SID = 0x534
                    0x0534                  _C2RXM1SIDbits = 0x534
                    0x0534                  C2TR45CON = 0x534
                    0x0534                  _C2TR45CON = 0x534
                    0x0534                  _C2TR45CONbits = 0x534
                    0x0536                  C2RXM1EID = 0x536
                    0x0536                  _C2RXM1EID = 0x536
                    0x0536                  _C2RXM1EIDbits = 0x536
                    0x0536                  C2TR67CON = 0x536
                    0x0536                  _C2TR67CON = 0x536
                    0x0536                  _C2TR67CONbits = 0x536
                    0x0538                  C2RXM2SID = 0x538
                    0x0538                  _C2RXM2SID = 0x538
                    0x0538                  _C2RXM2SIDbits = 0x538
                    0x053a                  C2RXM2EID = 0x53a
                    0x053a                  _C2RXM2EID = 0x53a
                    0x053a                  _C2RXM2EIDbits = 0x53a
                    0x0540                  C2RXD = 0x540
                    0x0540                  _C2RXD = 0x540
                    0x0540                  C2RXF0SID = 0x540
                    0x0540                  _C2RXF0SID = 0x540
                    0x0540                  _C2RXF0SIDbits = 0x540
                    0x0542                  C2RXF0EID = 0x542
                    0x0542                  _C2RXF0EID = 0x542
                    0x0542                  _C2RXF0EIDbits = 0x542
                    0x0542                  C2TXD = 0x542
                    0x0542                  _C2TXD = 0x542
                    0x0544                  C2RXF1SID = 0x544
                    0x0544                  _C2RXF1SID = 0x544
                    0x0544                  _C2RXF1SIDbits = 0x544
                    0x0546                  C2RXF1EID = 0x546
                    0x0546                  _C2RXF1EID = 0x546
                    0x0546                  _C2RXF1EIDbits = 0x546
                    0x0548                  C2RXF2SID = 0x548
                    0x0548                  _C2RXF2SID = 0x548
                    0x0548                  _C2RXF2SIDbits = 0x548
                    0x054a                  C2RXF2EID = 0x54a
                    0x054a                  _C2RXF2EID = 0x54a
                    0x054a                  _C2RXF2EIDbits = 0x54a
                    0x054c                  C2RXF3SID = 0x54c
                    0x054c                  _C2RXF3SID = 0x54c
                    0x054c                  _C2RXF3SIDbits = 0x54c
                    0x054e                  C2RXF3EID = 0x54e
                    0x054e                  _C2RXF3EID = 0x54e
                    0x054e                  _C2RXF3EIDbits = 0x54e
                    0x0550                  C2RXF4SID = 0x550
                    0x0550                  _C2RXF4SID = 0x550
                    0x0550                  _C2RXF4SIDbits = 0x550
                    0x0552                  C2RXF4EID = 0x552
                    0x0552                  _C2RXF4EID = 0x552
                    0x0552                  _C2RXF4EIDbits = 0x552
                    0x0554                  C2RXF5SID = 0x554
                    0x0554                  _C2RXF5SID = 0x554
                    0x0554                  _C2RXF5SIDbits = 0x554
                    0x0556                  C2RXF5EID = 0x556
                    0x0556                  _C2RXF5EID = 0x556
                    0x0556                  _C2RXF5EIDbits = 0x556
                    0x0558                  C2RXF6SID = 0x558
                    0x0558                  _C2RXF6SID = 0x558